Analysis & Synthesis report for ave8
Mon Oct 30 10:40:02 2023
Quartus Prime Version 22.1std.2 Build 922 07/20/2023 SC Lite Edition


---------------------
; Table of Contents ;
---------------------
  1. Legal Notice
  2. Analysis & Synthesis Summary
  3. Analysis & Synthesis Settings
  4. Parallel Compilation
  5. Analysis & Synthesis Source Files Read
  6. Analysis & Synthesis Resource Usage Summary
  7. Analysis & Synthesis Resource Utilization by Entity
  8. State Machine - |ave8_E|ave8_fsm:INST_fsm|B01_streg
  9. Registers Removed During Synthesis
 10. General Register Statistics
 11. Multiplexer Restructuring Statistics (Restructuring Performed)
 12. Parameter Settings for User Entity Instance: ave8_fsm:INST_fsm
 13. Port Connectivity Checks: "ave8_dat:INST_dat|ave8_add12u_11:INST_add12u_11_1"
 14. Port Connectivity Checks: "ave8_dat:INST_dat|ave8_lop24u_1:INST_lop24u_1_1"
 15. Post-Synthesis Netlist Statistics for Top Partition
 16. Elapsed Time Per Partition
 17. Analysis & Synthesis Messages
 18. Analysis & Synthesis Suppressed Messages



----------------
; Legal Notice ;
----------------
Copyright (C) 2023  Intel Corporation. All rights reserved.
Your use of Intel Corporation's design tools, logic functions 
and other software and tools, and any partner logic 
functions, and any output files from any of the foregoing 
(including device programming or simulation files), and any 
associated documentation or information are expressly subject 
to the terms and conditions of the Intel Program License 
Subscription Agreement, the Intel Quartus Prime License Agreement,
the Intel FPGA IP License Agreement, or other applicable license
agreement, including, without limitation, that your use is for
the sole purpose of programming logic devices manufactured by
Intel and sold by Intel or its authorized distributors.  Please
refer to the applicable agreement for further details, at
https://fpgasoftware.intel.com/eula.



+----------------------------------------------------------------------------------+
; Analysis & Synthesis Summary                                                     ;
+---------------------------------+------------------------------------------------+
; Analysis & Synthesis Status     ; Successful - Mon Oct 30 10:40:02 2023          ;
; Quartus Prime Version           ; 22.1std.2 Build 922 07/20/2023 SC Lite Edition ;
; Revision Name                   ; ave8                                           ;
; Top-level Entity Name           ; ave8_E                                         ;
; Family                          ; Cyclone V                                      ;
; Logic utilization (in ALMs)     ; N/A                                            ;
; Total registers                 ; 110                                            ;
; Total pins                      ; 43                                             ;
; Total virtual pins              ; 0                                              ;
; Total block memory bits         ; 0                                              ;
; Total DSP Blocks                ; 0                                              ;
; Total HSSI RX PCSs              ; 0                                              ;
; Total HSSI PMA RX Deserializers ; 0                                              ;
; Total HSSI TX PCSs              ; 0                                              ;
; Total HSSI PMA TX Serializers   ; 0                                              ;
; Total PLLs                      ; 0                                              ;
; Total DLLs                      ; 0                                              ;
+---------------------------------+------------------------------------------------+


+---------------------------------------------------------------------------------------------------------------------------+
; Analysis & Synthesis Settings                                                                                             ;
+---------------------------------------------------------------------------------+--------------------+--------------------+
; Option                                                                          ; Setting            ; Default Value      ;
+---------------------------------------------------------------------------------+--------------------+--------------------+
; Device                                                                          ; 5CSEMA5F31C6       ;                    ;
; Top-level entity name                                                           ; ave8_E             ; ave8               ;
; Family name                                                                     ; Cyclone V          ; Cyclone V          ;
; Use smart compilation                                                           ; Off                ; Off                ;
; Enable parallel Assembler and Timing Analyzer during compilation                ; On                 ; On                 ;
; Enable compact report table                                                     ; Off                ; Off                ;
; Restructure Multiplexers                                                        ; Auto               ; Auto               ;
; MLAB Add Timing Constraints For Mixed-Port Feed-Through Mode Setting Don't Care ; Off                ; Off                ;
; Create Debugging Nodes for IP Cores                                             ; Off                ; Off                ;
; Preserve fewer node names                                                       ; On                 ; On                 ;
; Intel FPGA IP Evaluation Mode                                                   ; Enable             ; Enable             ;
; Verilog Version                                                                 ; Verilog_2001       ; Verilog_2001       ;
; VHDL Version                                                                    ; VHDL_1993          ; VHDL_1993          ;
; State Machine Processing                                                        ; Auto               ; Auto               ;
; Safe State Machine                                                              ; Off                ; Off                ;
; Extract Verilog State Machines                                                  ; On                 ; On                 ;
; Extract VHDL State Machines                                                     ; On                 ; On                 ;
; Ignore Verilog initial constructs                                               ; Off                ; Off                ;
; Iteration limit for constant Verilog loops                                      ; 5000               ; 5000               ;
; Iteration limit for non-constant Verilog loops                                  ; 250                ; 250                ;
; Add Pass-Through Logic to Inferred RAMs                                         ; On                 ; On                 ;
; Infer RAMs from Raw Logic                                                       ; On                 ; On                 ;
; Parallel Synthesis                                                              ; On                 ; On                 ;
; DSP Block Balancing                                                             ; Auto               ; Auto               ;
; NOT Gate Push-Back                                                              ; On                 ; On                 ;
; Power-Up Don't Care                                                             ; On                 ; On                 ;
; Remove Redundant Logic Cells                                                    ; Off                ; Off                ;
; Remove Duplicate Registers                                                      ; On                 ; On                 ;
; Ignore CARRY Buffers                                                            ; Off                ; Off                ;
; Ignore CASCADE Buffers                                                          ; Off                ; Off                ;
; Ignore GLOBAL Buffers                                                           ; Off                ; Off                ;
; Ignore ROW GLOBAL Buffers                                                       ; Off                ; Off                ;
; Ignore LCELL Buffers                                                            ; Off                ; Off                ;
; Ignore SOFT Buffers                                                             ; On                 ; On                 ;
; Limit AHDL Integers to 32 Bits                                                  ; Off                ; Off                ;
; Optimization Technique                                                          ; Balanced           ; Balanced           ;
; Carry Chain Length                                                              ; 70                 ; 70                 ;
; Auto Carry Chains                                                               ; On                 ; On                 ;
; Auto Open-Drain Pins                                                            ; On                 ; On                 ;
; Perform WYSIWYG Primitive Resynthesis                                           ; Off                ; Off                ;
; Auto ROM Replacement                                                            ; On                 ; On                 ;
; Auto RAM Replacement                                                            ; On                 ; On                 ;
; Auto DSP Block Replacement                                                      ; On                 ; On                 ;
; Auto Shift Register Replacement                                                 ; Auto               ; Auto               ;
; Allow Shift Register Merging across Hierarchies                                 ; Auto               ; Auto               ;
; Auto Clock Enable Replacement                                                   ; On                 ; On                 ;
; Strict RAM Replacement                                                          ; Off                ; Off                ;
; Allow Synchronous Control Signals                                               ; On                 ; On                 ;
; Force Use of Synchronous Clear Signals                                          ; Off                ; Off                ;
; Auto Resource Sharing                                                           ; Off                ; Off                ;
; Allow Any RAM Size For Recognition                                              ; Off                ; Off                ;
; Allow Any ROM Size For Recognition                                              ; Off                ; Off                ;
; Allow Any Shift Register Size For Recognition                                   ; Off                ; Off                ;
; Use LogicLock Constraints during Resource Balancing                             ; On                 ; On                 ;
; Ignore translate_off and synthesis_off directives                               ; Off                ; Off                ;
; Timing-Driven Synthesis                                                         ; On                 ; On                 ;
; Report Parameter Settings                                                       ; On                 ; On                 ;
; Report Source Assignments                                                       ; On                 ; On                 ;
; Report Connectivity Checks                                                      ; On                 ; On                 ;
; Ignore Maximum Fan-Out Assignments                                              ; Off                ; Off                ;
; Synchronization Register Chain Length                                           ; 3                  ; 3                  ;
; Power Optimization During Synthesis                                             ; Normal compilation ; Normal compilation ;
; HDL message level                                                               ; Level2             ; Level2             ;
; Suppress Register Optimization Related Messages                                 ; Off                ; Off                ;
; Number of Removed Registers Reported in Synthesis Report                        ; 5000               ; 5000               ;
; Number of Swept Nodes Reported in Synthesis Report                              ; 5000               ; 5000               ;
; Number of Inverted Registers Reported in Synthesis Report                       ; 100                ; 100                ;
; Clock MUX Protection                                                            ; On                 ; On                 ;
; Auto Gated Clock Conversion                                                     ; Off                ; Off                ;
; Block Design Naming                                                             ; Auto               ; Auto               ;
; SDC constraint protection                                                       ; Off                ; Off                ;
; Synthesis Effort                                                                ; Auto               ; Auto               ;
; Shift Register Replacement - Allow Asynchronous Clear Signal                    ; On                 ; On                 ;
; Pre-Mapping Resynthesis Optimization                                            ; Off                ; Off                ;
; Analysis & Synthesis Message Level                                              ; Medium             ; Medium             ;
; Disable Register Merging Across Hierarchies                                     ; Auto               ; Auto               ;
; Resource Aware Inference For Block RAM                                          ; On                 ; On                 ;
; Automatic Parallel Synthesis                                                    ; On                 ; On                 ;
; Partial Reconfiguration Bitstream ID                                            ; Off                ; Off                ;
+---------------------------------------------------------------------------------+--------------------+--------------------+


+------------------------------------------+
; Parallel Compilation                     ;
+----------------------------+-------------+
; Processors                 ; Number      ;
+----------------------------+-------------+
; Number detected on machine ; 8           ;
; Maximum allowed            ; 4           ;
;                            ;             ;
; Average used               ; 1.00        ;
; Maximum used               ; 4           ;
;                            ;             ;
; Usage by Processor         ; % Time Used ;
;     Processor 1            ; 100.0%      ;
;     Processors 2-4         ;   0.0%      ;
+----------------------------+-------------+


+-------------------------------------------------------------------------------------------------------------------------------+
; Analysis & Synthesis Source Files Read                                                                                        ;
+----------------------------------+-----------------+------------------------+---------------------------------------+---------+
; File Name with User-Entered Path ; Used in Netlist ; File Type              ; File Name with Absolute Path          ; Library ;
+----------------------------------+-----------------+------------------------+---------------------------------------+---------+
; ../../../../Downloads/ave8_E.v   ; yes             ; User Verilog HDL File  ; C:/Users/sxc210186/Downloads/ave8_E.v ;         ;
+----------------------------------+-----------------+------------------------+---------------------------------------+---------+


+-----------------------------------------------------------+
; Analysis & Synthesis Resource Usage Summary               ;
+---------------------------------------------+-------------+
; Resource                                    ; Usage       ;
+---------------------------------------------+-------------+
; Estimate of Logic utilization (ALMs needed) ; 77          ;
;                                             ;             ;
; Combinational ALUT usage for logic          ; 118         ;
;     -- 7 input functions                    ; 0           ;
;     -- 6 input functions                    ; 14          ;
;     -- 5 input functions                    ; 10          ;
;     -- 4 input functions                    ; 14          ;
;     -- <=3 input functions                  ; 80          ;
;                                             ;             ;
; Dedicated logic registers                   ; 110         ;
;                                             ;             ;
; I/O pins                                    ; 43          ;
;                                             ;             ;
; Total DSP Blocks                            ; 0           ;
;                                             ;             ;
; Maximum fan-out node                        ; CLOCK~input ;
; Maximum fan-out                             ; 110         ;
; Total fan-out                               ; 895         ;
; Average fan-out                             ; 2.85        ;
+---------------------------------------------+-------------+


+-----------------------------------------------------------------------------------------------------------------------------------------------------------------------------------------------------------------------------------------+
; Analysis & Synthesis Resource Utilization by Entity                                                                                                                                                                                     ;
+---------------------------------------+---------------------+---------------------------+-------------------+------------+------+--------------+---------------------------------------------------------+---------------+--------------+
; Compilation Hierarchy Node            ; Combinational ALUTs ; Dedicated Logic Registers ; Block Memory Bits ; DSP Blocks ; Pins ; Virtual Pins ; Full Hierarchy Name                                     ; Entity Name   ; Library Name ;
+---------------------------------------+---------------------+---------------------------+-------------------+------------+------+--------------+---------------------------------------------------------+---------------+--------------+
; |ave8_E                               ; 118 (0)             ; 110 (0)                   ; 0                 ; 0          ; 43   ; 0            ; |ave8_E                                                 ; ave8_E        ; work         ;
;    |ave8_dat:INST_dat|                ; 107 (28)            ; 101 (101)                 ; 0                 ; 0          ; 0    ; 0            ; |ave8_E|ave8_dat:INST_dat                               ; ave8_dat      ; work         ;
;       |ave8_add8u:INST_add8u_1|       ; 10 (10)             ; 0 (0)                     ; 0                 ; 0          ; 0    ; 0            ; |ave8_E|ave8_dat:INST_dat|ave8_add8u:INST_add8u_1       ; ave8_add8u    ; work         ;
;       |ave8_add8u:INST_add8u_2|       ; 11 (11)             ; 0 (0)                     ; 0                 ; 0          ; 0    ; 0            ; |ave8_E|ave8_dat:INST_dat|ave8_add8u:INST_add8u_2       ; ave8_add8u    ; work         ;
;       |ave8_add8u:INST_add8u_3|       ; 21 (21)             ; 0 (0)                     ; 0                 ; 0          ; 0    ; 0            ; |ave8_E|ave8_dat:INST_dat|ave8_add8u:INST_add8u_3       ; ave8_add8u    ; work         ;
;       |ave8_incr24u:INST_incr24u_1|   ; 24 (24)             ; 0 (0)                     ; 0                 ; 0          ; 0    ; 0            ; |ave8_E|ave8_dat:INST_dat|ave8_incr24u:INST_incr24u_1   ; ave8_incr24u  ; work         ;
;       |ave8_lop24u_1:INST_lop24u_1_1| ; 13 (13)             ; 0 (0)                     ; 0                 ; 0          ; 0    ; 0            ; |ave8_E|ave8_dat:INST_dat|ave8_lop24u_1:INST_lop24u_1_1 ; ave8_lop24u_1 ; work         ;
;    |ave8_fsm:INST_fsm|                ; 11 (11)             ; 9 (9)                     ; 0                 ; 0          ; 0    ; 0            ; |ave8_E|ave8_fsm:INST_fsm                               ; ave8_fsm      ; work         ;
+---------------------------------------+---------------------+---------------------------+-------------------+------------+------+--------------+---------------------------------------------------------+---------------+--------------+
Note: For table entries with two numbers listed, the numbers in parentheses indicate the number of resources of the given type used by the specific entity alone. The numbers listed outside of parentheses indicate the total resources of the given type used by the specific entity and all of its sub-entities in the hierarchy.


Encoding Type:  One-Hot
+---------------------------------------------------------------------------------------------------------------------------------------------------------------------------------------------+
; State Machine - |ave8_E|ave8_fsm:INST_fsm|B01_streg                                                                                                                                         ;
+------------------+------------------+------------------+------------------+------------------+------------------+------------------+------------------+------------------+------------------+
; Name             ; B01_streg.ST1_08 ; B01_streg.ST1_07 ; B01_streg.ST1_06 ; B01_streg.ST1_05 ; B01_streg.ST1_04 ; B01_streg.ST1_03 ; B01_streg.ST1_02 ; B01_streg.ST1_01 ; B01_streg.ST1_09 ;
+------------------+------------------+------------------+------------------+------------------+------------------+------------------+------------------+------------------+------------------+
; B01_streg.ST1_01 ; 0                ; 0                ; 0                ; 0                ; 0                ; 0                ; 0                ; 0                ; 0                ;
; B01_streg.ST1_02 ; 0                ; 0                ; 0                ; 0                ; 0                ; 0                ; 1                ; 1                ; 0                ;
; B01_streg.ST1_03 ; 0                ; 0                ; 0                ; 0                ; 0                ; 1                ; 0                ; 1                ; 0                ;
; B01_streg.ST1_04 ; 0                ; 0                ; 0                ; 0                ; 1                ; 0                ; 0                ; 1                ; 0                ;
; B01_streg.ST1_05 ; 0                ; 0                ; 0                ; 1                ; 0                ; 0                ; 0                ; 1                ; 0                ;
; B01_streg.ST1_06 ; 0                ; 0                ; 1                ; 0                ; 0                ; 0                ; 0                ; 1                ; 0                ;
; B01_streg.ST1_07 ; 0                ; 1                ; 0                ; 0                ; 0                ; 0                ; 0                ; 1                ; 0                ;
; B01_streg.ST1_08 ; 1                ; 0                ; 0                ; 0                ; 0                ; 0                ; 0                ; 1                ; 0                ;
; B01_streg.ST1_09 ; 0                ; 0                ; 0                ; 0                ; 0                ; 0                ; 0                ; 1                ; 1                ;
+------------------+------------------+------------------+------------------+------------------+------------------+------------------+------------------+------------------+------------------+


+----------------------------------------------------------------------------------------------+
; Registers Removed During Synthesis                                                           ;
+-----------------------------------------------+----------------------------------------------+
; Register name                                 ; Reason for Removal                           ;
+-----------------------------------------------+----------------------------------------------+
; ave8_dat:INST_dat|ave8_ret_r[27..31]          ; Merged with ave8_dat:INST_dat|ave8_ret_r[20] ;
; ave8_dat:INST_dat|ave8_ret_r[8,15..19,21..26] ; Merged with ave8_dat:INST_dat|ave8_ret_r[14] ;
; ave8_dat:INST_dat|ave8_ret_r[7,11]            ; Merged with ave8_dat:INST_dat|ave8_ret_r[10] ;
; ave8_fsm:INST_fsm|B01_streg~2                 ; Lost fanout                                  ;
; ave8_fsm:INST_fsm|B01_streg~3                 ; Lost fanout                                  ;
; ave8_fsm:INST_fsm|B01_streg~4                 ; Lost fanout                                  ;
; Total Number of Removed Registers = 22        ;                                              ;
+-----------------------------------------------+----------------------------------------------+


+------------------------------------------------------+
; General Register Statistics                          ;
+----------------------------------------------+-------+
; Statistic                                    ; Value ;
+----------------------------------------------+-------+
; Total registers                              ; 110   ;
; Number of registers using Synchronous Clear  ; 103   ;
; Number of registers using Synchronous Load   ; 8     ;
; Number of registers using Asynchronous Clear ; 0     ;
; Number of registers using Asynchronous Load  ; 0     ;
; Number of registers using Clock Enable       ; 82    ;
; Number of registers using Preset             ; 0     ;
+----------------------------------------------+-------+


+--------------------------------------------------------------------------------------------------------------------------------------------------------+
; Multiplexer Restructuring Statistics (Restructuring Performed)                                                                                         ;
+--------------------+-----------+---------------+----------------------+------------------------+------------+------------------------------------------+
; Multiplexer Inputs ; Bus Width ; Baseline Area ; Area if Restructured ; Saving if Restructured ; Registered ; Example Multiplexer Output               ;
+--------------------+-----------+---------------+----------------------+------------------------+------------+------------------------------------------+
; 3:1                ; 12 bits   ; 24 LEs        ; 0 LEs                ; 24 LEs                 ; Yes        ; |ave8_E|ave8_dat:INST_dat|ave8_ret_r[14] ;
; 3:1                ; 56 bits   ; 112 LEs       ; 0 LEs                ; 112 LEs                ; Yes        ; |ave8_E|ave8_dat:INST_dat|RG_buffer_1[4] ;
; 4:1                ; 8 bits    ; 16 LEs        ; 0 LEs                ; 16 LEs                 ; Yes        ; |ave8_E|ave8_dat:INST_dat|RG_buffer_7[7] ;
; 3:1                ; 6 bits    ; 12 LEs        ; 12 LEs               ; 0 LEs                  ; No         ; |ave8_E|ave8_fsm:INST_fsm|B01_streg      ;
+--------------------+-----------+---------------+----------------------+------------------------+------------+------------------------------------------+


+----------------------------------------------------------------+
; Parameter Settings for User Entity Instance: ave8_fsm:INST_fsm ;
+----------------+-------+---------------------------------------+
; Parameter Name ; Value ; Type                                  ;
+----------------+-------+---------------------------------------+
; ST1_01         ; 0000  ; Unsigned Binary                       ;
; ST1_02         ; 0001  ; Unsigned Binary                       ;
; ST1_03         ; 0010  ; Unsigned Binary                       ;
; ST1_04         ; 0011  ; Unsigned Binary                       ;
; ST1_05         ; 0100  ; Unsigned Binary                       ;
; ST1_06         ; 0101  ; Unsigned Binary                       ;
; ST1_07         ; 0110  ; Unsigned Binary                       ;
; ST1_08         ; 0111  ; Unsigned Binary                       ;
; ST1_09         ; 1000  ; Unsigned Binary                       ;
+----------------+-------+---------------------------------------+
Note: In order to hide this table in the UI and the text report file, please set the "Show Parameter Settings in Synthesis Report" option in "Analysis and Synthesis Settings -> More Settings" to "Off".


+---------------------------------------------------------------------------------------------------------------------+
; Port Connectivity Checks: "ave8_dat:INST_dat|ave8_add12u_11:INST_add12u_11_1"                                       ;
+-----------+--------+----------+-------------------------------------------------------------------------------------+
; Port      ; Type   ; Severity ; Details                                                                             ;
+-----------+--------+----------+-------------------------------------------------------------------------------------+
; o1[8..10] ; Output ; Info     ; Connected to dangling logic. Logic that only feeds a dangling port will be removed. ;
+-----------+--------+----------+-------------------------------------------------------------------------------------+


+-----------------------------------------------------------------------------+
; Port Connectivity Checks: "ave8_dat:INST_dat|ave8_lop24u_1:INST_lop24u_1_1" ;
+------------+-------+----------+---------------------------------------------+
; Port       ; Type  ; Severity ; Details                                     ;
+------------+-------+----------+---------------------------------------------+
; i2[7..8]   ; Input ; Info     ; Stuck at VCC                                ;
; i2[13..14] ; Input ; Info     ; Stuck at VCC                                ;
; i2[17..19] ; Input ; Info     ; Stuck at VCC                                ;
; i2[5..6]   ; Input ; Info     ; Stuck at GND                                ;
; i2[9..12]  ; Input ; Info     ; Stuck at GND                                ;
; i2[15..16] ; Input ; Info     ; Stuck at GND                                ;
; i2[20..23] ; Input ; Info     ; Stuck at GND                                ;
; i2[0]      ; Input ; Info     ; Stuck at VCC                                ;
; i2[1]      ; Input ; Info     ; Stuck at GND                                ;
; i2[2]      ; Input ; Info     ; Stuck at VCC                                ;
; i2[3]      ; Input ; Info     ; Stuck at GND                                ;
; i2[4]      ; Input ; Info     ; Stuck at VCC                                ;
+------------+-------+----------+---------------------------------------------+


+-----------------------------------------------------+
; Post-Synthesis Netlist Statistics for Top Partition ;
+-----------------------+-----------------------------+
; Type                  ; Count                       ;
+-----------------------+-----------------------------+
; arriav_ff             ; 110                         ;
;     ENA               ; 6                           ;
;     ENA SCLR          ; 68                          ;
;     ENA SCLR SLD      ; 8                           ;
;     SCLR              ; 27                          ;
;     plain             ; 1                           ;
; arriav_lcell_comb     ; 118                         ;
;     arith             ; 35                          ;
;         1 data inputs ; 25                          ;
;         2 data inputs ; 10                          ;
;     normal            ; 52                          ;
;         1 data inputs ; 1                           ;
;         2 data inputs ; 11                          ;
;         3 data inputs ; 2                           ;
;         4 data inputs ; 14                          ;
;         5 data inputs ; 10                          ;
;         6 data inputs ; 14                          ;
;     shared            ; 31                          ;
;         0 data inputs ; 5                           ;
;         1 data inputs ; 2                           ;
;         3 data inputs ; 24                          ;
; boundary_port         ; 43                          ;
;                       ;                             ;
; Max LUT depth         ; 5.80                        ;
; Average LUT depth     ; 4.47                        ;
+-----------------------+-----------------------------+


+-------------------------------+
; Elapsed Time Per Partition    ;
+----------------+--------------+
; Partition Name ; Elapsed Time ;
+----------------+--------------+
; Top            ; 00:00:00     ;
+----------------+--------------+


+-------------------------------+
; Analysis & Synthesis Messages ;
+-------------------------------+
Info: *******************************************************************
Info: Running Quartus Prime Analysis & Synthesis
    Info: Version 22.1std.2 Build 922 07/20/2023 SC Lite Edition
    Info: Processing started: Mon Oct 30 10:39:39 2023
Info: Command: quartus_map --read_settings_files=on --write_settings_files=off ave8 -c ave8
Warning (18236): Number of processors has not been specified which may cause overloading on shared machines.  Set the global assignment NUM_PARALLEL_PROCESSORS in your QSF to an appropriate value for best performance.
Info (20030): Parallel compilation is enabled and will use 4 of the 4 processors detected
Info (12021): Found 9 design units, including 9 entities, in source file /users/sxc210186/downloads/ave8_e.v
    Info (12023): Found entity 1: ave8_E File: C:/Users/sxc210186/Downloads/ave8_E.v Line: 12
    Info (12023): Found entity 2: ave8_fsm File: C:/Users/sxc210186/Downloads/ave8_E.v Line: 39
    Info (12023): Found entity 3: ave8_dat File: C:/Users/sxc210186/Downloads/ave8_E.v Line: 128
    Info (12023): Found entity 4: ave8_add12u_11_10 File: C:/Users/sxc210186/Downloads/ave8_E.v Line: 414
    Info (12023): Found entity 5: ave8_add12u_11_11 File: C:/Users/sxc210186/Downloads/ave8_E.v Line: 423
    Info (12023): Found entity 6: ave8_incr24u File: C:/Users/sxc210186/Downloads/ave8_E.v Line: 432
    Info (12023): Found entity 7: ave8_lop24u_1 File: C:/Users/sxc210186/Downloads/ave8_E.v Line: 440
    Info (12023): Found entity 8: ave8_add12u_11 File: C:/Users/sxc210186/Downloads/ave8_E.v Line: 451
    Info (12023): Found entity 9: ave8_add8u File: C:/Users/sxc210186/Downloads/ave8_E.v Line: 460
Info (12127): Elaborating entity "ave8_E" for the top level hierarchy
Info (12128): Elaborating entity "ave8_fsm" for hierarchy "ave8_fsm:INST_fsm" File: C:/Users/sxc210186/Downloads/ave8_E.v Line: 31
Info (12128): Elaborating entity "ave8_dat" for hierarchy "ave8_dat:INST_dat" File: C:/Users/sxc210186/Downloads/ave8_E.v Line: 35
Info (10264): Verilog HDL Case Statement information at ave8_E.v(366): all case item expressions in this case statement are onehot File: C:/Users/sxc210186/Downloads/ave8_E.v Line: 366
Info (10264): Verilog HDL Case Statement information at ave8_E.v(391): all case item expressions in this case statement are onehot File: C:/Users/sxc210186/Downloads/ave8_E.v Line: 391
Info (12128): Elaborating entity "ave8_add12u_11_10" for hierarchy "ave8_dat:INST_dat|ave8_add12u_11_10:INST_add12u_11_10_1" File: C:/Users/sxc210186/Downloads/ave8_E.v Line: 200
Info (12128): Elaborating entity "ave8_add12u_11_11" for hierarchy "ave8_dat:INST_dat|ave8_add12u_11_11:INST_add12u_11_11_1" File: C:/Users/sxc210186/Downloads/ave8_E.v Line: 202
Info (12128): Elaborating entity "ave8_incr24u" for hierarchy "ave8_dat:INST_dat|ave8_incr24u:INST_incr24u_1" File: C:/Users/sxc210186/Downloads/ave8_E.v Line: 203
Info (12128): Elaborating entity "ave8_lop24u_1" for hierarchy "ave8_dat:INST_dat|ave8_lop24u_1:INST_lop24u_1_1" File: C:/Users/sxc210186/Downloads/ave8_E.v Line: 204
Info (12128): Elaborating entity "ave8_add12u_11" for hierarchy "ave8_dat:INST_dat|ave8_add12u_11:INST_add12u_11_1" File: C:/Users/sxc210186/Downloads/ave8_E.v Line: 206
Info (12128): Elaborating entity "ave8_add8u" for hierarchy "ave8_dat:INST_dat|ave8_add8u:INST_add8u_1" File: C:/Users/sxc210186/Downloads/ave8_E.v Line: 207
Info (286030): Timing-Driven Synthesis is running
Info (17049): 3 registers lost all their fanouts during netlist optimizations.
Info (144001): Generated suppressed messages file C:/Users/sxc210186/Documents/GitHub/Reconfig/Project 6.5/output_files/ave8.map.smsg
Info (16010): Generating hard_block partition "hard_block:auto_generated_inst"
    Info (16011): Adding 0 node(s), including 0 DDIO, 0 PLL, 0 transceiver and 0 LCELL
Info (21057): Implemented 245 device resources after synthesis - the final resource count might be different
    Info (21058): Implemented 11 input pins
    Info (21059): Implemented 32 output pins
    Info (21061): Implemented 202 logic cells
Info: Quartus Prime Analysis & Synthesis was successful. 0 errors, 1 warning
    Info: Peak virtual memory: 4838 megabytes
    Info: Processing ended: Mon Oct 30 10:40:02 2023
    Info: Elapsed time: 00:00:23
    Info: Total CPU time (on all processors): 00:00:32


+------------------------------------------+
; Analysis & Synthesis Suppressed Messages ;
+------------------------------------------+
The suppressed messages can be found in C:/Users/sxc210186/Documents/GitHub/Reconfig/Project 6.5/output_files/ave8.map.smsg.


