------------------------------------------------------------
Timing Analyzer Summary
------------------------------------------------------------

Type  : Slow 1100mV 85C Model Setup 'CLOCK'
Slack : 9.971
TNS   : 0.000

Type  : Slow 1100mV 85C Model Hold 'CLOCK'
Slack : 1.936
TNS   : 0.000

Type  : Slow 1100mV 85C Model Minimum Pulse Width 'CLOCK'
Slack : 9.393
TNS   : 0.000

Type  : Slow 1100mV 0C Model Setup 'CLOCK'
Slack : 9.559
TNS   : 0.000

Type  : Slow 1100mV 0C Model Hold 'CLOCK'
Slack : 1.939
TNS   : 0.000

Type  : Slow 1100mV 0C Model Minimum Pulse Width 'CLOCK'
Slack : 9.315
TNS   : 0.000

Type  : Fast 1100mV 85C Model Setup 'CLOCK'
Slack : 14.816
TNS   : 0.000

Type  : Fast 1100mV 85C Model Hold 'CLOCK'
Slack : 0.963
TNS   : 0.000

Type  : Fast 1100mV 85C Model Minimum Pulse Width 'CLOCK'
Slack : 9.422
TNS   : 0.000

Type  : Fast 1100mV 0C Model Setup 'CLOCK'
Slack : 15.097
TNS   : 0.000

Type  : Fast 1100mV 0C Model Hold 'CLOCK'
Slack : 0.906
TNS   : 0.000

Type  : Fast 1100mV 0C Model Minimum Pulse Width 'CLOCK'
Slack : 9.421
TNS   : 0.000

------------------------------------------------------------
