------------------------------------------------------------
Timing Analyzer Summary
------------------------------------------------------------

Type  : Slow 1100mV 85C Model Setup 'clk'
Slack : -4.470
TNS   : -41.045

Type  : Slow 1100mV 85C Model Hold 'clk'
Slack : 0.437
TNS   : 0.000

Type  : Slow 1100mV 85C Model Minimum Pulse Width 'clk'
Slack : 0.397
TNS   : 0.000

Type  : Slow 1100mV 0C Model Setup 'clk'
Slack : -4.638
TNS   : -42.380

Type  : Slow 1100mV 0C Model Hold 'clk'
Slack : 0.441
TNS   : 0.000

Type  : Slow 1100mV 0C Model Minimum Pulse Width 'clk'
Slack : 0.327
TNS   : 0.000

Type  : Fast 1100mV 85C Model Setup 'clk'
Slack : -1.653
TNS   : -14.426

Type  : Fast 1100mV 85C Model Hold 'clk'
Slack : 0.272
TNS   : 0.000

Type  : Fast 1100mV 85C Model Minimum Pulse Width 'clk'
Slack : 0.410
TNS   : 0.000

Type  : Fast 1100mV 0C Model Setup 'clk'
Slack : -1.388
TNS   : -12.057

Type  : Fast 1100mV 0C Model Hold 'clk'
Slack : 0.259
TNS   : 0.000

Type  : Fast 1100mV 0C Model Minimum Pulse Width 'clk'
Slack : 0.410
TNS   : 0.000

------------------------------------------------------------
