------------------------------------------------------------
Timing Analyzer Summary
------------------------------------------------------------

Type  : Slow 1100mV 85C Model Setup 'CLOCK'
Slack : -1.373
TNS   : -21.934

Type  : Slow 1100mV 85C Model Hold 'CLOCK'
Slack : 0.224
TNS   : 0.000

Type  : Slow 1100mV 85C Model Minimum Pulse Width 'CLOCK'
Slack : 0.393
TNS   : 0.000

Type  : Slow 1100mV 0C Model Setup 'CLOCK'
Slack : -1.532
TNS   : -24.575

Type  : Slow 1100mV 0C Model Hold 'CLOCK'
Slack : 0.205
TNS   : 0.000

Type  : Slow 1100mV 0C Model Minimum Pulse Width 'CLOCK'
Slack : 0.311
TNS   : 0.000

Type  : Fast 1100mV 85C Model Setup 'CLOCK'
Slack : 0.109
TNS   : 0.000

Type  : Fast 1100mV 85C Model Hold 'CLOCK'
Slack : 0.138
TNS   : 0.000

Type  : Fast 1100mV 85C Model Minimum Pulse Width 'CLOCK'
Slack : 0.413
TNS   : 0.000

Type  : Fast 1100mV 0C Model Setup 'CLOCK'
Slack : 0.214
TNS   : 0.000

Type  : Fast 1100mV 0C Model Hold 'CLOCK'
Slack : 0.128
TNS   : 0.000

Type  : Fast 1100mV 0C Model Minimum Pulse Width 'CLOCK'
Slack : 0.418
TNS   : 0.000

------------------------------------------------------------
