Analysis & Synthesis report for ave8_E
Tue Oct 17 15:07:47 2023
Quartus Prime Version 22.1std.2 Build 922 07/20/2023 SC Lite Edition


---------------------
; Table of Contents ;
---------------------
  1. Legal Notice
  2. Analysis & Synthesis Summary
  3. Analysis & Synthesis Settings
  4. Parallel Compilation
  5. Analysis & Synthesis Source Files Read
  6. Analysis & Synthesis Resource Usage Summary
  7. Analysis & Synthesis Resource Utilization by Entity
  8. State Machine - |ave8|ave8_fsm:INST_fsm|B01_streg
  9. General Register Statistics
 10. Parameter Settings for User Entity Instance: ave8_fsm:INST_fsm
 11. Port Connectivity Checks: "ave8_dat:INST_dat|ave8_add12u_11:INST_add12u_11_1"
 12. Post-Synthesis Netlist Statistics for Top Partition
 13. Elapsed Time Per Partition
 14. Analysis & Synthesis Messages
 15. Analysis & Synthesis Suppressed Messages



----------------
; Legal Notice ;
----------------
Copyright (C) 2023  Intel Corporation. All rights reserved.
Your use of Intel Corporation's design tools, logic functions 
and other software and tools, and any partner logic 
functions, and any output files from any of the foregoing 
(including device programming or simulation files), and any 
associated documentation or information are expressly subject 
to the terms and conditions of the Intel Program License 
Subscription Agreement, the Intel Quartus Prime License Agreement,
the Intel FPGA IP License Agreement, or other applicable license
agreement, including, without limitation, that your use is for
the sole purpose of programming logic devices manufactured by
Intel and sold by Intel or its authorized distributors.  Please
refer to the applicable agreement for further details, at
https://fpgasoftware.intel.com/eula.



+----------------------------------------------------------------------------------+
; Analysis & Synthesis Summary                                                     ;
+---------------------------------+------------------------------------------------+
; Analysis & Synthesis Status     ; Successful - Tue Oct 17 15:07:47 2023          ;
; Quartus Prime Version           ; 22.1std.2 Build 922 07/20/2023 SC Lite Edition ;
; Revision Name                   ; ave8_E                                         ;
; Top-level Entity Name           ; ave8                                           ;
; Family                          ; Cyclone V                                      ;
; Logic utilization (in ALMs)     ; N/A                                            ;
; Total registers                 ; 105                                            ;
; Total pins                      ; 18                                             ;
; Total virtual pins              ; 0                                              ;
; Total block memory bits         ; 0                                              ;
; Total DSP Blocks                ; 0                                              ;
; Total HSSI RX PCSs              ; 0                                              ;
; Total HSSI PMA RX Deserializers ; 0                                              ;
; Total HSSI TX PCSs              ; 0                                              ;
; Total HSSI PMA TX Serializers   ; 0                                              ;
; Total PLLs                      ; 0                                              ;
; Total DLLs                      ; 0                                              ;
+---------------------------------+------------------------------------------------+


+---------------------------------------------------------------------------------------------------------------------------+
; Analysis & Synthesis Settings                                                                                             ;
+---------------------------------------------------------------------------------+--------------------+--------------------+
; Option                                                                          ; Setting            ; Default Value      ;
+---------------------------------------------------------------------------------+--------------------+--------------------+
; Device                                                                          ; 5CSEMA5F31C6       ;                    ;
; Top-level entity name                                                           ; ave8               ; ave8_E             ;
; Family name                                                                     ; cycloneV           ; Cyclone V          ;
; Use smart compilation                                                           ; Off                ; Off                ;
; Enable parallel Assembler and Timing Analyzer during compilation                ; On                 ; On                 ;
; Enable compact report table                                                     ; Off                ; Off                ;
; Restructure Multiplexers                                                        ; Auto               ; Auto               ;
; MLAB Add Timing Constraints For Mixed-Port Feed-Through Mode Setting Don't Care ; Off                ; Off                ;
; Create Debugging Nodes for IP Cores                                             ; Off                ; Off                ;
; Preserve fewer node names                                                       ; On                 ; On                 ;
; Intel FPGA IP Evaluation Mode                                                   ; Enable             ; Enable             ;
; Verilog Version                                                                 ; Verilog_2001       ; Verilog_2001       ;
; VHDL Version                                                                    ; VHDL_1993          ; VHDL_1993          ;
; State Machine Processing                                                        ; Auto               ; Auto               ;
; Safe State Machine                                                              ; Off                ; Off                ;
; Extract Verilog State Machines                                                  ; On                 ; On                 ;
; Extract VHDL State Machines                                                     ; On                 ; On                 ;
; Ignore Verilog initial constructs                                               ; Off                ; Off                ;
; Iteration limit for constant Verilog loops                                      ; 5000               ; 5000               ;
; Iteration limit for non-constant Verilog loops                                  ; 250                ; 250                ;
; Add Pass-Through Logic to Inferred RAMs                                         ; On                 ; On                 ;
; Infer RAMs from Raw Logic                                                       ; On                 ; On                 ;
; Parallel Synthesis                                                              ; On                 ; On                 ;
; DSP Block Balancing                                                             ; Auto               ; Auto               ;
; NOT Gate Push-Back                                                              ; On                 ; On                 ;
; Power-Up Don't Care                                                             ; On                 ; On                 ;
; Remove Redundant Logic Cells                                                    ; Off                ; Off                ;
; Remove Duplicate Registers                                                      ; On                 ; On                 ;
; Ignore CARRY Buffers                                                            ; Off                ; Off                ;
; Ignore CASCADE Buffers                                                          ; Off                ; Off                ;
; Ignore GLOBAL Buffers                                                           ; Off                ; Off                ;
; Ignore ROW GLOBAL Buffers                                                       ; Off                ; Off                ;
; Ignore LCELL Buffers                                                            ; Off                ; Off                ;
; Ignore SOFT Buffers                                                             ; On                 ; On                 ;
; Limit AHDL Integers to 32 Bits                                                  ; Off                ; Off                ;
; Optimization Technique                                                          ; Balanced           ; Balanced           ;
; Carry Chain Length                                                              ; 70                 ; 70                 ;
; Auto Carry Chains                                                               ; On                 ; On                 ;
; Auto Open-Drain Pins                                                            ; On                 ; On                 ;
; Perform WYSIWYG Primitive Resynthesis                                           ; Off                ; Off                ;
; Auto ROM Replacement                                                            ; On                 ; On                 ;
; Auto RAM Replacement                                                            ; On                 ; On                 ;
; Auto DSP Block Replacement                                                      ; On                 ; On                 ;
; Auto Shift Register Replacement                                                 ; Auto               ; Auto               ;
; Allow Shift Register Merging across Hierarchies                                 ; Auto               ; Auto               ;
; Auto Clock Enable Replacement                                                   ; On                 ; On                 ;
; Strict RAM Replacement                                                          ; Off                ; Off                ;
; Allow Synchronous Control Signals                                               ; On                 ; On                 ;
; Force Use of Synchronous Clear Signals                                          ; Off                ; Off                ;
; Auto Resource Sharing                                                           ; Off                ; Off                ;
; Allow Any RAM Size For Recognition                                              ; Off                ; Off                ;
; Allow Any ROM Size For Recognition                                              ; Off                ; Off                ;
; Allow Any Shift Register Size For Recognition                                   ; Off                ; Off                ;
; Use LogicLock Constraints during Resource Balancing                             ; On                 ; On                 ;
; Ignore translate_off and synthesis_off directives                               ; Off                ; Off                ;
; Timing-Driven Synthesis                                                         ; On                 ; On                 ;
; Report Parameter Settings                                                       ; On                 ; On                 ;
; Report Source Assignments                                                       ; On                 ; On                 ;
; Report Connectivity Checks                                                      ; On                 ; On                 ;
; Ignore Maximum Fan-Out Assignments                                              ; Off                ; Off                ;
; Synchronization Register Chain Length                                           ; 3                  ; 3                  ;
; Power Optimization During Synthesis                                             ; Normal compilation ; Normal compilation ;
; HDL message level                                                               ; Level2             ; Level2             ;
; Suppress Register Optimization Related Messages                                 ; Off                ; Off                ;
; Number of Removed Registers Reported in Synthesis Report                        ; 5000               ; 5000               ;
; Number of Swept Nodes Reported in Synthesis Report                              ; 5000               ; 5000               ;
; Number of Inverted Registers Reported in Synthesis Report                       ; 100                ; 100                ;
; Clock MUX Protection                                                            ; On                 ; On                 ;
; Auto Gated Clock Conversion                                                     ; Off                ; Off                ;
; Block Design Naming                                                             ; Auto               ; Auto               ;
; SDC constraint protection                                                       ; Off                ; Off                ;
; Synthesis Effort                                                                ; Auto               ; Auto               ;
; Shift Register Replacement - Allow Asynchronous Clear Signal                    ; On                 ; On                 ;
; Pre-Mapping Resynthesis Optimization                                            ; Off                ; Off                ;
; Analysis & Synthesis Message Level                                              ; Medium             ; Medium             ;
; Disable Register Merging Across Hierarchies                                     ; Auto               ; Auto               ;
; Resource Aware Inference For Block RAM                                          ; On                 ; On                 ;
; Automatic Parallel Synthesis                                                    ; On                 ; On                 ;
; Partial Reconfiguration Bitstream ID                                            ; Off                ; Off                ;
+---------------------------------------------------------------------------------+--------------------+--------------------+


+------------------------------------------+
; Parallel Compilation                     ;
+----------------------------+-------------+
; Processors                 ; Number      ;
+----------------------------+-------------+
; Number detected on machine ; 32          ;
; Maximum allowed            ; 16          ;
;                            ;             ;
; Average used               ; 1.00        ;
; Maximum used               ; 16          ;
;                            ;             ;
; Usage by Processor         ; % Time Used ;
;     Processor 1            ; 100.0%      ;
;     Processors 2-16        ;   0.0%      ;
+----------------------------+-------------+


+------------------------------------------------------------------------------------------------------------------------------------------------------------------------------------+
; Analysis & Synthesis Source Files Read                                                                                                                                             ;
+----------------------------------+-----------------+------------------------+--------------------------------------------------------------------------------------------+---------+
; File Name with User-Entered Path ; Used in Netlist ; File Type              ; File Name with Absolute Path                                                               ; Library ;
+----------------------------------+-----------------+------------------------+--------------------------------------------------------------------------------------------+---------+
; ave8_E.v                         ; yes             ; User Verilog HDL File  ; /home/010/s/sx/sxc210186/Reconfig/Project_6.2/ave8/ave8/logic_synthesis_work/ave8/ave8_E.v ;         ;
+----------------------------------+-----------------+------------------------+--------------------------------------------------------------------------------------------+---------+


+-----------------------------------------------------------+
; Analysis & Synthesis Resource Usage Summary               ;
+---------------------------------------------+-------------+
; Resource                                    ; Usage       ;
+---------------------------------------------+-------------+
; Estimate of Logic utilization (ALMs needed) ; 56          ;
;                                             ;             ;
; Combinational ALUT usage for logic          ; 57          ;
;     -- 7 input functions                    ; 0           ;
;     -- 6 input functions                    ; 0           ;
;     -- 5 input functions                    ; 4           ;
;     -- 4 input functions                    ; 4           ;
;     -- <=3 input functions                  ; 49          ;
;                                             ;             ;
; Dedicated logic registers                   ; 105         ;
;                                             ;             ;
; I/O pins                                    ; 18          ;
;                                             ;             ;
; Total DSP Blocks                            ; 0           ;
;                                             ;             ;
; Maximum fan-out node                        ; CLOCK~input ;
; Maximum fan-out                             ; 105         ;
; Total fan-out                               ; 552         ;
; Average fan-out                             ; 2.79        ;
+---------------------------------------------+-------------+


+-----------------------------------------------------------------------------------------------------------------------------------------------------------------------------------------------------------------------------------------------------------+
; Analysis & Synthesis Resource Utilization by Entity                                                                                                                                                                                                       ;
+-----------------------------------------------+---------------------+---------------------------+-------------------+------------+------+--------------+---------------------------------------------------------------+-------------------+--------------+
; Compilation Hierarchy Node                    ; Combinational ALUTs ; Dedicated Logic Registers ; Block Memory Bits ; DSP Blocks ; Pins ; Virtual Pins ; Full Hierarchy Name                                           ; Entity Name       ; Library Name ;
+-----------------------------------------------+---------------------+---------------------------+-------------------+------------+------+--------------+---------------------------------------------------------------+-------------------+--------------+
; |ave8                                         ; 57 (0)              ; 105 (0)                   ; 0                 ; 0          ; 18   ; 0            ; |ave8                                                         ; ave8              ; work         ;
;    |ave8_dat:INST_dat|                        ; 55 (0)              ; 102 (102)                 ; 0                 ; 0          ; 0    ; 0            ; |ave8|ave8_dat:INST_dat                                       ; ave8_dat          ; work         ;
;       |ave8_add12u_11:INST_add12u_11_1|       ; 11 (11)             ; 0 (0)                     ; 0                 ; 0          ; 0    ; 0            ; |ave8|ave8_dat:INST_dat|ave8_add12u_11:INST_add12u_11_1       ; ave8_add12u_11    ; work         ;
;       |ave8_add12u_11_11:INST_add12u_11_11_1| ; 11 (11)             ; 0 (0)                     ; 0                 ; 0          ; 0    ; 0            ; |ave8|ave8_dat:INST_dat|ave8_add12u_11_11:INST_add12u_11_11_1 ; ave8_add12u_11_11 ; work         ;
;       |ave8_add8u:INST_add8u_2|               ; 10 (10)             ; 0 (0)                     ; 0                 ; 0          ; 0    ; 0            ; |ave8|ave8_dat:INST_dat|ave8_add8u:INST_add8u_2               ; ave8_add8u        ; work         ;
;       |ave8_add8u:INST_add8u_3|               ; 10 (10)             ; 0 (0)                     ; 0                 ; 0          ; 0    ; 0            ; |ave8|ave8_dat:INST_dat|ave8_add8u:INST_add8u_3               ; ave8_add8u        ; work         ;
;       |ave8_add8u:INST_add8u_4|               ; 13 (13)             ; 0 (0)                     ; 0                 ; 0          ; 0    ; 0            ; |ave8|ave8_dat:INST_dat|ave8_add8u:INST_add8u_4               ; ave8_add8u        ; work         ;
;    |ave8_fsm:INST_fsm|                        ; 2 (2)               ; 3 (3)                     ; 0                 ; 0          ; 0    ; 0            ; |ave8|ave8_fsm:INST_fsm                                       ; ave8_fsm          ; work         ;
+-----------------------------------------------+---------------------+---------------------------+-------------------+------------+------+--------------+---------------------------------------------------------------+-------------------+--------------+
Note: For table entries with two numbers listed, the numbers in parentheses indicate the number of resources of the given type used by the specific entity alone. The numbers listed outside of parentheses indicate the total resources of the given type used by the specific entity and all of its sub-entities in the hierarchy.


Encoding Type:  One-Hot
+---------------------------------------------------------------------------+
; State Machine - |ave8|ave8_fsm:INST_fsm|B01_streg                         ;
+------------------+------------------+------------------+------------------+
; Name             ; B01_streg.ST1_01 ; B01_streg.ST1_03 ; B01_streg.ST1_02 ;
+------------------+------------------+------------------+------------------+
; B01_streg.ST1_01 ; 0                ; 0                ; 0                ;
; B01_streg.ST1_02 ; 1                ; 0                ; 1                ;
; B01_streg.ST1_03 ; 1                ; 1                ; 0                ;
+------------------+------------------+------------------+------------------+


+------------------------------------------------------+
; General Register Statistics                          ;
+----------------------------------------------+-------+
; Statistic                                    ; Value ;
+----------------------------------------------+-------+
; Total registers                              ; 105   ;
; Number of registers using Synchronous Clear  ; 0     ;
; Number of registers using Synchronous Load   ; 0     ;
; Number of registers using Asynchronous Clear ; 67    ;
; Number of registers using Asynchronous Load  ; 0     ;
; Number of registers using Clock Enable       ; 72    ;
; Number of registers using Preset             ; 0     ;
+----------------------------------------------+-------+


+----------------------------------------------------------------+
; Parameter Settings for User Entity Instance: ave8_fsm:INST_fsm ;
+----------------+-------+---------------------------------------+
; Parameter Name ; Value ; Type                                  ;
+----------------+-------+---------------------------------------+
; ST1_01         ; 00    ; Unsigned Binary                       ;
; ST1_02         ; 01    ; Unsigned Binary                       ;
; ST1_03         ; 10    ; Unsigned Binary                       ;
+----------------+-------+---------------------------------------+
Note: In order to hide this table in the UI and the text report file, please set the "Show Parameter Settings in Synthesis Report" option in "Analysis and Synthesis Settings -> More Settings" to "Off".


+---------------------------------------------------------------------------------------------------------------------+
; Port Connectivity Checks: "ave8_dat:INST_dat|ave8_add12u_11:INST_add12u_11_1"                                       ;
+-----------+--------+----------+-------------------------------------------------------------------------------------+
; Port      ; Type   ; Severity ; Details                                                                             ;
+-----------+--------+----------+-------------------------------------------------------------------------------------+
; o1[8..10] ; Output ; Info     ; Connected to dangling logic. Logic that only feeds a dangling port will be removed. ;
+-----------+--------+----------+-------------------------------------------------------------------------------------+


+-----------------------------------------------------+
; Post-Synthesis Netlist Statistics for Top Partition ;
+-----------------------+-----------------------------+
; Type                  ; Count                       ;
+-----------------------+-----------------------------+
; arriav_ff             ; 105                         ;
;     CLR               ; 3                           ;
;     ENA               ; 8                           ;
;     ENA CLR           ; 64                          ;
;     plain             ; 30                          ;
; arriav_lcell_comb     ; 57                          ;
;     arith             ; 41                          ;
;         0 data inputs ; 2                           ;
;         1 data inputs ; 5                           ;
;         2 data inputs ; 26                          ;
;         4 data inputs ; 4                           ;
;         5 data inputs ; 4                           ;
;     normal            ; 6                           ;
;         1 data inputs ; 2                           ;
;         3 data inputs ; 4                           ;
;     shared            ; 10                          ;
;         0 data inputs ; 2                           ;
;         3 data inputs ; 8                           ;
; boundary_port         ; 18                          ;
;                       ;                             ;
; Max LUT depth         ; 2.90                        ;
; Average LUT depth     ; 1.93                        ;
+-----------------------+-----------------------------+


+-------------------------------+
; Elapsed Time Per Partition    ;
+----------------+--------------+
; Partition Name ; Elapsed Time ;
+----------------+--------------+
; Top            ; 00:00:00     ;
+----------------+--------------+


+-------------------------------+
; Analysis & Synthesis Messages ;
+-------------------------------+
Info: *******************************************************************
Info: Running Quartus Prime Analysis & Synthesis
    Info: Version 22.1std.2 Build 922 07/20/2023 SC Lite Edition
    Info: Processing started: Tue Oct 17 15:07:39 2023
Info: Command: quartus_map --read_settings_files=on --write_settings_files=off ave8_E -c ave8_E
Warning (18236): Number of processors has not been specified which may cause overloading on shared machines.  Set the global assignment NUM_PARALLEL_PROCESSORS in your QSF to an appropriate value for best performance.
Info (20030): Parallel compilation is enabled and will use 16 of the 32 processors detected
Info (12021): Found 7 design units, including 7 entities, in source file ave8_E.v
    Info (12023): Found entity 1: ave8 File: /home/010/s/sx/sxc210186/Reconfig/Project_6.2/ave8/ave8/logic_synthesis_work/ave8/ave8_E.v Line: 12
    Info (12023): Found entity 2: ave8_fsm File: /home/010/s/sx/sxc210186/Reconfig/Project_6.2/ave8/ave8/logic_synthesis_work/ave8/ave8_E.v Line: 28
    Info (12023): Found entity 3: ave8_dat File: /home/010/s/sx/sxc210186/Reconfig/Project_6.2/ave8/ave8/logic_synthesis_work/ave8/ave8_E.v Line: 60
    Info (12023): Found entity 4: ave8_add12u_11_10 File: /home/010/s/sx/sxc210186/Reconfig/Project_6.2/ave8/ave8/logic_synthesis_work/ave8/ave8_E.v Line: 206
    Info (12023): Found entity 5: ave8_add12u_11_11 File: /home/010/s/sx/sxc210186/Reconfig/Project_6.2/ave8/ave8/logic_synthesis_work/ave8/ave8_E.v Line: 215
    Info (12023): Found entity 6: ave8_add12u_11 File: /home/010/s/sx/sxc210186/Reconfig/Project_6.2/ave8/ave8/logic_synthesis_work/ave8/ave8_E.v Line: 224
    Info (12023): Found entity 7: ave8_add8u File: /home/010/s/sx/sxc210186/Reconfig/Project_6.2/ave8/ave8/logic_synthesis_work/ave8/ave8_E.v Line: 233
Info (12127): Elaborating entity "ave8" for the top level hierarchy
Info (12128): Elaborating entity "ave8_fsm" for hierarchy "ave8_fsm:INST_fsm" File: /home/010/s/sx/sxc210186/Reconfig/Project_6.2/ave8/ave8/logic_synthesis_work/ave8/ave8_E.v Line: 22
Info (12128): Elaborating entity "ave8_dat" for hierarchy "ave8_dat:INST_dat" File: /home/010/s/sx/sxc210186/Reconfig/Project_6.2/ave8/ave8/logic_synthesis_work/ave8/ave8_E.v Line: 24
Info (10264): Verilog HDL Case Statement information at ave8_E.v(183): all case item expressions in this case statement are onehot File: /home/010/s/sx/sxc210186/Reconfig/Project_6.2/ave8/ave8/logic_synthesis_work/ave8/ave8_E.v Line: 183
Info (12128): Elaborating entity "ave8_add12u_11_10" for hierarchy "ave8_dat:INST_dat|ave8_add12u_11_10:INST_add12u_11_10_1" File: /home/010/s/sx/sxc210186/Reconfig/Project_6.2/ave8/ave8/logic_synthesis_work/ave8/ave8_E.v Line: 113
Info (12128): Elaborating entity "ave8_add12u_11_11" for hierarchy "ave8_dat:INST_dat|ave8_add12u_11_11:INST_add12u_11_11_1" File: /home/010/s/sx/sxc210186/Reconfig/Project_6.2/ave8/ave8/logic_synthesis_work/ave8/ave8_E.v Line: 115
Info (12128): Elaborating entity "ave8_add12u_11" for hierarchy "ave8_dat:INST_dat|ave8_add12u_11:INST_add12u_11_1" File: /home/010/s/sx/sxc210186/Reconfig/Project_6.2/ave8/ave8/logic_synthesis_work/ave8/ave8_E.v Line: 116
Info (12128): Elaborating entity "ave8_add8u" for hierarchy "ave8_dat:INST_dat|ave8_add8u:INST_add8u_1" File: /home/010/s/sx/sxc210186/Reconfig/Project_6.2/ave8/ave8/logic_synthesis_work/ave8/ave8_E.v Line: 117
Info (286030): Timing-Driven Synthesis is running
Info (144001): Generated suppressed messages file /home/010/s/sx/sxc210186/Reconfig/Project_6.2/ave8/ave8/logic_synthesis_work/ave8/ave8_E.map.smsg
Info (16010): Generating hard_block partition "hard_block:auto_generated_inst"
    Info (16011): Adding 0 node(s), including 0 DDIO, 0 PLL, 0 transceiver and 0 LCELL
Info (21057): Implemented 140 device resources after synthesis - the final resource count might be different
    Info (21058): Implemented 10 input pins
    Info (21059): Implemented 8 output pins
    Info (21061): Implemented 122 logic cells
Info: Quartus Prime Analysis & Synthesis was successful. 0 errors, 1 warning
    Info: Peak virtual memory: 672 megabytes
    Info: Processing ended: Tue Oct 17 15:07:47 2023
    Info: Elapsed time: 00:00:08
    Info: Total CPU time (on all processors): 00:00:17


+------------------------------------------+
; Analysis & Synthesis Suppressed Messages ;
+------------------------------------------+
The suppressed messages can be found in /home/010/s/sx/sxc210186/Reconfig/Project_6.2/ave8/ave8/logic_synthesis_work/ave8/ave8_E.map.smsg.


