------------------------------------------------------------
Timing Analyzer Summary
------------------------------------------------------------

Type  : Slow 1100mV 85C Model Setup 'CLOCK'
Slack : 4.688
TNS   : 0.000

Type  : Slow 1100mV 85C Model Hold 'CLOCK'
Slack : 0.233
TNS   : 0.000

Type  : Slow 1100mV 85C Model Minimum Pulse Width 'CLOCK'
Slack : 4.395
TNS   : 0.000

Type  : Slow 1100mV 0C Model Setup 'CLOCK'
Slack : 4.506
TNS   : 0.000

Type  : Slow 1100mV 0C Model Hold 'CLOCK'
Slack : 0.213
TNS   : 0.000

Type  : Slow 1100mV 0C Model Minimum Pulse Width 'CLOCK'
Slack : 4.319
TNS   : 0.000

Type  : Fast 1100mV 85C Model Setup 'CLOCK'
Slack : 7.167
TNS   : 0.000

Type  : Fast 1100mV 85C Model Hold 'CLOCK'
Slack : 0.140
TNS   : 0.000

Type  : Fast 1100mV 85C Model Minimum Pulse Width 'CLOCK'
Slack : 4.419
TNS   : 0.000

Type  : Fast 1100mV 0C Model Setup 'CLOCK'
Slack : 7.298
TNS   : 0.000

Type  : Fast 1100mV 0C Model Hold 'CLOCK'
Slack : 0.128
TNS   : 0.000

Type  : Fast 1100mV 0C Model Minimum Pulse Width 'CLOCK'
Slack : 4.418
TNS   : 0.000

------------------------------------------------------------
